2026-08-10 20:11:32,063 ERROR dotNetAssignment.Handlers.GlobalExceptionHandler - Unhandled exception occurred
System.Data.Entity.Infrastructure.DbUpdateException: An error occurred while updating the entries. See the inner exception for details. ---> System.Data.Entity.Core.UpdateException: An error occurred while updating the entries. See the inner exception for details. ---> System.Data.SqlClient.SqlException: Invalid object name 'dbo.RefreshTokens'.
   at System.Data.SqlClient.SqlConnection.OnError(SqlException exception, Boolean breakConnection, Action`1 wrapCloseInAction)
   at System.Data.SqlClient.TdsParser.ThrowExceptionAndWarning(TdsParserStateObject stateObj, Boolean callerHasConnectionLock, Boolean asyncClose)
   at System.Data.SqlClient.TdsParser.TryRun(RunBehavior runBehavior, SqlCommand cmdHandler, SqlDataReader dataStream, BulkCopySimpleResultSet bulkCopyHandler, TdsParserStateObject stateObj, Boolean& dataReady)
   at System.Data.SqlClient.SqlCommand.FinishExecuteReader(SqlDataReader ds, RunBehavior runBehavior, String resetOptionsString, Boolean isInternal, Boolean forDescribeParameterEncryption, Boolean shouldCacheForAlwaysEncrypted)
   at System.Data.SqlClient.SqlCommand.CompleteAsyncExecuteReader(Boolean isInternal, Boolean forDescribeParameterEncryption)
   at System.Data.SqlClient.SqlCommand.InternalEndExecuteNonQuery(IAsyncResult asyncResult, String endMethod, Boolean isInternal)
   at System.Data.SqlClient.SqlCommand.EndExecuteNonQueryInternal(IAsyncResult asyncResult)
   at System.Data.SqlClient.SqlCommand.EndExecuteNonQueryAsync(IAsyncResult asyncResult)
   at System.Threading.Tasks.TaskFactory`1.FromAsyncCoreLogic(IAsyncResult iar, Func`2 endFunction, Action`1 endAction, Task`1 promise, Boolean requiresSynchronization)
--- End of stack trace from previous location where exception was thrown ---
   at System.Runtime.ExceptionServices.ExceptionDispatchInfo.Throw()
   at System.Runtime.CompilerServices.TaskAwaiter.HandleNonSuccessAndDebuggerNotification(Task task)
   at System.Data.Entity.Core.Mapping.Update.Internal.DynamicUpdateCommand.<ExecuteAsync>d__8.MoveNext()
--- End of stack trace from previous location where exception was thrown ---
   at System.Runtime.ExceptionServices.ExceptionDispatchInfo.Throw()
   at System.Data.Entity.Core.Mapping.Update.Internal.UpdateTranslator.<UpdateAsync>d__39.MoveNext()
   --- End of inner exception stack trace ---
   at System.Data.Entity.Core.Mapping.Update.Internal.UpdateTranslator.<UpdateAsync>d__39.MoveNext()
--- End of stack trace from previous location where exception was thrown ---
   at System.Runtime.ExceptionServices.ExceptionDispatchInfo.Throw()
   at System.Runtime.CompilerServices.TaskAwaiter.HandleNonSuccessAndDebuggerNotification(Task task)
   at System.Data.Entity.Core.Objects.ObjectContext.<ExecuteInTransactionAsync>d__156`1.MoveNext()
--- End of stack trace from previous location where exception was thrown ---
   at System.Runtime.ExceptionServices.ExceptionDispatchInfo.Throw()
   at System.Runtime.CompilerServices.TaskAwaiter.HandleNonSuccessAndDebuggerNotification(Task task)
   at System.Data.Entity.Core.Objects.ObjectContext.<SaveChangesToStoreAsync>d__154.MoveNext()
--- End of stack trace from previous location where exception was thrown ---
   at System.Runtime.ExceptionServices.ExceptionDispatchInfo.Throw()
   at System.Runtime.CompilerServices.TaskAwaiter.HandleNonSuccessAndDebuggerNotification(Task task)
   at System.Data.Entity.SqlServer.DefaultSqlExecutionStrategy.<ExecuteAsyncImplementation>d__6`1.MoveNext()
--- End of stack trace from previous location where exception was thrown ---
   at System.Runtime.ExceptionServices.ExceptionDispatchInfo.Throw()
   at System.Runtime.CompilerServices.TaskAwaiter.HandleNonSuccessAndDebuggerNotification(Task task)
   at System.Data.Entity.Core.Objects.ObjectContext.<SaveChangesInternalAsync>d__151.MoveNext()
   --- End of inner exception stack trace ---
   at System.Runtime.ExceptionServices.ExceptionDispatchInfo.Throw()
   at System.Runtime.CompilerServices.TaskAwaiter.HandleNonSuccessAndDebuggerNotification(Task task)
   at System.Runtime.CompilerServices.TaskAwaiter`1.GetResult()
   at dotNetAssignment.Repositories.Jwt.JwtRepository.<SaveChangesAsync>d__5.MoveNext() in C:\Users\Dev Kumar Singh\Documents\Assignment\dotNetAssignment\dotNetAssignment\Repositories\Jwt\JwtRepository.cs:line 70
--- End of stack trace from previous location where exception was thrown ---
   at System.Runtime.ExceptionServices.ExceptionDispatchInfo.Throw()
   at System.Runtime.CompilerServices.TaskAwaiter.HandleNonSuccessAndDebuggerNotification(Task task)
   at System.Runtime.CompilerServices.TaskAwaiter.GetResult()
   at dotNetAssignment.Services.Implementations.AuthenticationService.<SignupAsync>d__5.MoveNext() in C:\Users\Dev Kumar Singh\Documents\Assignment\dotNetAssignment\dotNetAssignment\Services\Implementations\AuthenticationService.cs:line 73
--- End of stack trace from previous location where exception was thrown ---
   at System.Runtime.ExceptionServices.ExceptionDispatchInfo.Throw()
   at System.Runtime.CompilerServices.TaskAwaiter.HandleNonSuccessAndDebuggerNotification(Task task)
   at System.Runtime.CompilerServices.TaskAwaiter`1.GetResult()
   at dotNetAssignment.Controllers.AuthController.<Signup>d__2.MoveNext() in C:\Users\Dev Kumar Singh\Documents\Assignment\dotNetAssignment\dotNetAssignment\Controllers\AuthController.cs:line 37
--- End of stack trace from previous location where exception was thrown ---
   at System.Runtime.ExceptionServices.ExceptionDispatchInfo.Throw()
   at System.Runtime.CompilerServices.TaskAwaiter.HandleNonSuccessAndDebuggerNotification(Task task)
   at System.Threading.Tasks.TaskHelpersExtensions.<CastToObject>d__1`1.MoveNext()
--- End of stack trace from previous location where exception was thrown ---
   at System.Runtime.ExceptionServices.ExceptionDispatchInfo.Throw()
   at System.Runtime.CompilerServices.TaskAwaiter.HandleNonSuccessAndDebuggerNotification(Task task)
   at System.Web.Http.Controllers.ApiControllerActionInvoker.<InvokeActionAsyncCore>d__1.MoveNext()
--- End of stack trace from previous location where exception was thrown ---
   at System.Runtime.ExceptionServices.ExceptionDispatchInfo.Throw()
   at System.Runtime.CompilerServices.TaskAwaiter.HandleNonSuccessAndDebuggerNotification(Task task)
   at System.Web.Http.Controllers.ActionFilterResult.<ExecuteAsync>d__5.MoveNext()
--- End of stack trace from previous location where exception was thrown ---
   at System.Runtime.ExceptionServices.ExceptionDispatchInfo.Throw()
   at System.Runtime.CompilerServices.TaskAwaiter.HandleNonSuccessAndDebuggerNotification(Task task)
   at System.Web.Http.Dispatcher.HttpControllerDispatcher.<SendAsync>d__15.MoveNext()
--- End of stack trace from previous location where exception was thrown ---
   at System.Runtime.ExceptionServices.ExceptionDispatchInfo.Throw()
   at System.Web.Http.Dispatcher.HttpControllerDispatcher.<SendAsync>d__15.MoveNext()
--- End of stack trace from previous location where exception was thrown ---
   at System.Runtime.ExceptionServices.ExceptionDispatchInfo.Throw()
   at System.Runtime.CompilerServices.TaskAwaiter.HandleNonSuccessAndDebuggerNotification(Task task)
   at System.Web.Http.HttpServer.<SendAsync>d__24.MoveNext()
2026-08-10 20:13:49,455 ERROR dotNetAssignment.Handlers.GlobalExceptionHandler - Unhandled exception occurred
System.Data.Entity.Infrastructure.DbUpdateException: An error occurred while updating the entries. See the inner exception for details. ---> System.Data.Entity.Core.UpdateException: An error occurred while updating the entries. See the inner exception for details. ---> System.Data.SqlClient.SqlException: Invalid object name 'dbo.RefreshTokens'.
   at System.Data.SqlClient.SqlConnection.OnError(SqlException exception, Boolean breakConnection, Action`1 wrapCloseInAction)
   at System.Data.SqlClient.TdsParser.ThrowExceptionAndWarning(TdsParserStateObject stateObj, Boolean callerHasConnectionLock, Boolean asyncClose)
   at System.Data.SqlClient.TdsParser.TryRun(RunBehavior runBehavior, SqlCommand cmdHandler, SqlDataReader dataStream, BulkCopySimpleResultSet bulkCopyHandler, TdsParserStateObject stateObj, Boolean& dataReady)
   at System.Data.SqlClient.SqlCommand.FinishExecuteReader(SqlDataReader ds, RunBehavior runBehavior, String resetOptionsString, Boolean isInternal, Boolean forDescribeParameterEncryption, Boolean shouldCacheForAlwaysEncrypted)
   at System.Data.SqlClient.SqlCommand.CompleteAsyncExecuteReader(Boolean isInternal, Boolean forDescribeParameterEncryption)
   at System.Data.SqlClient.SqlCommand.InternalEndExecuteNonQuery(IAsyncResult asyncResult, String endMethod, Boolean isInternal)
   at System.Data.SqlClient.SqlCommand.EndExecuteNonQueryInternal(IAsyncResult asyncResult)
   at System.Data.SqlClient.SqlCommand.EndExecuteNonQueryAsync(IAsyncResult asyncResult)
   at System.Threading.Tasks.TaskFactory`1.FromAsyncCoreLogic(IAsyncResult iar, Func`2 endFunction, Action`1 endAction, Task`1 promise, Boolean requiresSynchronization)
--- End of stack trace from previous location where exception was thrown ---
   at System.Runtime.ExceptionServices.ExceptionDispatchInfo.Throw()
   at System.Runtime.CompilerServices.TaskAwaiter.HandleNonSuccessAndDebuggerNotification(Task task)
   at System.Data.Entity.Core.Mapping.Update.Internal.DynamicUpdateCommand.<ExecuteAsync>d__8.MoveNext()
--- End of stack trace from previous location where exception was thrown ---
   at System.Runtime.ExceptionServices.ExceptionDispatchInfo.Throw()
   at System.Data.Entity.Core.Mapping.Update.Internal.UpdateTranslator.<UpdateAsync>d__39.MoveNext()
   --- End of inner exception stack trace ---
   at System.Data.Entity.Core.Mapping.Update.Internal.UpdateTranslator.<UpdateAsync>d__39.MoveNext()
--- End of stack trace from previous location where exception was thrown ---
   at System.Runtime.ExceptionServices.ExceptionDispatchInfo.Throw()
   at System.Runtime.CompilerServices.TaskAwaiter.HandleNonSuccessAndDebuggerNotification(Task task)
   at System.Data.Entity.Core.Objects.ObjectContext.<ExecuteInTransactionAsync>d__156`1.MoveNext()
--- End of stack trace from previous location where exception was thrown ---
   at System.Runtime.ExceptionServices.ExceptionDispatchInfo.Throw()
   at System.Runtime.CompilerServices.TaskAwaiter.HandleNonSuccessAndDebuggerNotification(Task task)
   at System.Data.Entity.Core.Objects.ObjectContext.<SaveChangesToStoreAsync>d__154.MoveNext()
--- End of stack trace from previous location where exception was thrown ---
   at System.Runtime.ExceptionServices.ExceptionDispatchInfo.Throw()
   at System.Runtime.CompilerServices.TaskAwaiter.HandleNonSuccessAndDebuggerNotification(Task task)
   at System.Data.Entity.SqlServer.DefaultSqlExecutionStrategy.<ExecuteAsyncImplementation>d__6`1.MoveNext()
--- End of stack trace from previous location where exception was thrown ---
   at System.Runtime.ExceptionServices.ExceptionDispatchInfo.Throw()
   at System.Runtime.CompilerServices.TaskAwaiter.HandleNonSuccessAndDebuggerNotification(Task task)
   at System.Data.Entity.Core.Objects.ObjectContext.<SaveChangesInternalAsync>d__151.MoveNext()
   --- End of inner exception stack trace ---
   at System.Runtime.ExceptionServices.ExceptionDispatchInfo.Throw()
   at System.Runtime.CompilerServices.TaskAwaiter.HandleNonSuccessAndDebuggerNotification(Task task)
   at System.Runtime.CompilerServices.TaskAwaiter`1.GetResult()
   at dotNetAssignment.Repositories.Jwt.JwtRepository.<SaveChangesAsync>d__5.MoveNext() in C:\Users\Dev Kumar Singh\Documents\Assignment\dotNetAssignment\dotNetAssignment\Repositories\Jwt\JwtRepository.cs:line 70
--- End of stack trace from previous location where exception was thrown ---
   at System.Runtime.ExceptionServices.ExceptionDispatchInfo.Throw()
   at System.Runtime.CompilerServices.TaskAwaiter.HandleNonSuccessAndDebuggerNotification(Task task)
   at System.Runtime.CompilerServices.TaskAwaiter.GetResult()
   at dotNetAssignment.Services.Implementations.AuthenticationService.<SignupAsync>d__5.MoveNext() in C:\Users\Dev Kumar Singh\Documents\Assignment\dotNetAssignment\dotNetAssignment\Services\Implementations\AuthenticationService.cs:line 81
--- End of stack trace from previous location where exception was thrown ---
   at System.Runtime.ExceptionServices.ExceptionDispatchInfo.Throw()
   at System.Runtime.CompilerServices.TaskAwaiter.HandleNonSuccessAndDebuggerNotification(Task task)
   at System.Runtime.CompilerServices.TaskAwaiter`1.GetResult()
   at dotNetAssignment.Controllers.AuthController.<Signup>d__2.MoveNext() in C:\Users\Dev Kumar Singh\Documents\Assignment\dotNetAssignment\dotNetAssignment\Controllers\AuthController.cs:line 37
--- End of stack trace from previous location where exception was thrown ---
   at System.Runtime.ExceptionServices.ExceptionDispatchInfo.Throw()
   at System.Runtime.CompilerServices.TaskAwaiter.HandleNonSuccessAndDebuggerNotification(Task task)
   at System.Threading.Tasks.TaskHelpersExtensions.<CastToObject>d__1`1.MoveNext()
--- End of stack trace from previous location where exception was thrown ---
   at System.Runtime.ExceptionServices.ExceptionDispatchInfo.Throw()
   at System.Runtime.CompilerServices.TaskAwaiter.HandleNonSuccessAndDebuggerNotification(Task task)
   at System.Web.Http.Controllers.ApiControllerActionInvoker.<InvokeActionAsyncCore>d__1.MoveNext()
--- End of stack trace from previous location where exception was thrown ---
   at System.Runtime.ExceptionServices.ExceptionDispatchInfo.Throw()
   at System.Runtime.CompilerServices.TaskAwaiter.HandleNonSuccessAndDebuggerNotification(Task task)
   at System.Web.Http.Controllers.ActionFilterResult.<ExecuteAsync>d__5.MoveNext()
--- End of stack trace from previous location where exception was thrown ---
   at System.Runtime.ExceptionServices.ExceptionDispatchInfo.Throw()
   at System.Runtime.CompilerServices.TaskAwaiter.HandleNonSuccessAndDebuggerNotification(Task task)
   at System.Web.Http.Dispatcher.HttpControllerDispatcher.<SendAsync>d__15.MoveNext()
--- End of stack trace from previous location where exception was thrown ---
   at System.Runtime.ExceptionServices.ExceptionDispatchInfo.Throw()
   at System.Web.Http.Dispatcher.HttpControllerDispatcher.<SendAsync>d__15.MoveNext()
--- End of stack trace from previous location where exception was thrown ---
   at System.Runtime.ExceptionServices.ExceptionDispatchInfo.Throw()
   at System.Runtime.CompilerServices.TaskAwaiter.HandleNonSuccessAndDebuggerNotification(Task task)
   at System.Web.Http.HttpServer.<SendAsync>d__24.MoveNext()
2026-08-10 20:16:19,320 ERROR dotNetAssignment.Handlers.GlobalExceptionHandler - Unhandled exception occurred
System.Data.Entity.Infrastructure.DbUpdateException: An error occurred while updating the entries. See the inner exception for details. ---> System.Data.Entity.Core.UpdateException: An error occurred while updating the entries. See the inner exception for details. ---> System.Data.SqlClient.SqlException: Invalid object name 'dbo.RefreshTokens'.
   at System.Data.SqlClient.SqlConnection.OnError(SqlException exception, Boolean breakConnection, Action`1 wrapCloseInAction)
   at System.Data.SqlClient.TdsParser.ThrowExceptionAndWarning(TdsParserStateObject stateObj, Boolean callerHasConnectionLock, Boolean asyncClose)
   at System.Data.SqlClient.TdsParser.TryRun(RunBehavior runBehavior, SqlCommand cmdHandler, SqlDataReader dataStream, BulkCopySimpleResultSet bulkCopyHandler, TdsParserStateObject stateObj, Boolean& dataReady)
   at System.Data.SqlClient.SqlCommand.FinishExecuteReader(SqlDataReader ds, RunBehavior runBehavior, String resetOptionsString, Boolean isInternal, Boolean forDescribeParameterEncryption, Boolean shouldCacheForAlwaysEncrypted)
   at System.Data.SqlClient.SqlCommand.CompleteAsyncExecuteReader(Boolean isInternal, Boolean forDescribeParameterEncryption)
   at System.Data.SqlClient.SqlCommand.InternalEndExecuteNonQuery(IAsyncResult asyncResult, String endMethod, Boolean isInternal)
   at System.Data.SqlClient.SqlCommand.EndExecuteNonQueryInternal(IAsyncResult asyncResult)
   at System.Data.SqlClient.SqlCommand.EndExecuteNonQueryAsync(IAsyncResult asyncResult)
   at System.Threading.Tasks.TaskFactory`1.FromAsyncCoreLogic(IAsyncResult iar, Func`2 endFunction, Action`1 endAction, Task`1 promise, Boolean requiresSynchronization)
--- End of stack trace from previous location where exception was thrown ---
   at System.Runtime.ExceptionServices.ExceptionDispatchInfo.Throw()
   at System.Runtime.CompilerServices.TaskAwaiter.HandleNonSuccessAndDebuggerNotification(Task task)
   at System.Data.Entity.Core.Mapping.Update.Internal.DynamicUpdateCommand.<ExecuteAsync>d__8.MoveNext()
--- End of stack trace from previous location where exception was thrown ---
   at System.Runtime.ExceptionServices.ExceptionDispatchInfo.Throw()
   at System.Data.Entity.Core.Mapping.Update.Internal.UpdateTranslator.<UpdateAsync>d__39.MoveNext()
   --- End of inner exception stack trace ---
   at System.Data.Entity.Core.Mapping.Update.Internal.UpdateTranslator.<UpdateAsync>d__39.MoveNext()
--- End of stack trace from previous location where exception was thrown ---
   at System.Runtime.ExceptionServices.ExceptionDispatchInfo.Throw()
   at System.Runtime.CompilerServices.TaskAwaiter.HandleNonSuccessAndDebuggerNotification(Task task)
   at System.Data.Entity.Core.Objects.ObjectContext.<ExecuteInTransactionAsync>d__156`1.MoveNext()
--- End of stack trace from previous location where exception was thrown ---
   at System.Runtime.ExceptionServices.ExceptionDispatchInfo.Throw()
   at System.Runtime.CompilerServices.TaskAwaiter.HandleNonSuccessAndDebuggerNotification(Task task)
   at System.Data.Entity.Core.Objects.ObjectContext.<SaveChangesToStoreAsync>d__154.MoveNext()
--- End of stack trace from previous location where exception was thrown ---
   at System.Runtime.ExceptionServices.ExceptionDispatchInfo.Throw()
   at System.Runtime.CompilerServices.TaskAwaiter.HandleNonSuccessAndDebuggerNotification(Task task)
   at System.Data.Entity.SqlServer.DefaultSqlExecutionStrategy.<ExecuteAsyncImplementation>d__6`1.MoveNext()
--- End of stack trace from previous location where exception was thrown ---
   at System.Runtime.ExceptionServices.ExceptionDispatchInfo.Throw()
   at System.Runtime.CompilerServices.TaskAwaiter.HandleNonSuccessAndDebuggerNotification(Task task)
   at System.Data.Entity.Core.Objects.ObjectContext.<SaveChangesInternalAsync>d__151.MoveNext()
   --- End of inner exception stack trace ---
   at System.Runtime.ExceptionServices.ExceptionDispatchInfo.Throw()
   at System.Runtime.CompilerServices.TaskAwaiter.HandleNonSuccessAndDebuggerNotification(Task task)
   at System.Runtime.CompilerServices.TaskAwaiter`1.GetResult()
   at dotNetAssignment.Repositories.Jwt.JwtRepository.<SaveChangesAsync>d__5.MoveNext() in C:\Users\Dev Kumar Singh\Documents\Assignment\dotNetAssignment\dotNetAssignment\Repositories\Jwt\JwtRepository.cs:line 70
--- End of stack trace from previous location where exception was thrown ---
   at System.Runtime.ExceptionServices.ExceptionDispatchInfo.Throw()
   at System.Runtime.CompilerServices.TaskAwaiter.HandleNonSuccessAndDebuggerNotification(Task task)
   at System.Runtime.CompilerServices.TaskAwaiter.GetResult()
   at dotNetAssignment.Services.Implementations.AuthenticationService.<SignupAsync>d__5.MoveNext() in C:\Users\Dev Kumar Singh\Documents\Assignment\dotNetAssignment\dotNetAssignment\Services\Implementations\AuthenticationService.cs:line 81
--- End of stack trace from previous location where exception was thrown ---
   at System.Runtime.ExceptionServices.ExceptionDispatchInfo.Throw()
   at System.Runtime.CompilerServices.TaskAwaiter.HandleNonSuccessAndDebuggerNotification(Task task)
   at System.Runtime.CompilerServices.TaskAwaiter`1.GetResult()
   at dotNetAssignment.Controllers.AuthController.<Signup>d__2.MoveNext() in C:\Users\Dev Kumar Singh\Documents\Assignment\dotNetAssignment\dotNetAssignment\Controllers\AuthController.cs:line 37
--- End of stack trace from previous location where exception was thrown ---
   at System.Runtime.ExceptionServices.ExceptionDispatchInfo.Throw()
   at System.Runtime.CompilerServices.TaskAwaiter.HandleNonSuccessAndDebuggerNotification(Task task)
   at System.Threading.Tasks.TaskHelpersExtensions.<CastToObject>d__1`1.MoveNext()
--- End of stack trace from previous location where exception was thrown ---
   at System.Runtime.ExceptionServices.ExceptionDispatchInfo.Throw()
   at System.Runtime.CompilerServices.TaskAwaiter.HandleNonSuccessAndDebuggerNotification(Task task)
   at System.Web.Http.Controllers.ApiControllerActionInvoker.<InvokeActionAsyncCore>d__1.MoveNext()
--- End of stack trace from previous location where exception was thrown ---
   at System.Runtime.ExceptionServices.ExceptionDispatchInfo.Throw()
   at System.Runtime.CompilerServices.TaskAwaiter.HandleNonSuccessAndDebuggerNotification(Task task)
   at System.Web.Http.Controllers.ActionFilterResult.<ExecuteAsync>d__5.MoveNext()
--- End of stack trace from previous location where exception was thrown ---
   at System.Runtime.ExceptionServices.ExceptionDispatchInfo.Throw()
   at System.Runtime.CompilerServices.TaskAwaiter.HandleNonSuccessAndDebuggerNotification(Task task)
   at System.Web.Http.Dispatcher.HttpControllerDispatcher.<SendAsync>d__15.MoveNext()
--- End of stack trace from previous location where exception was thrown ---
   at System.Runtime.ExceptionServices.ExceptionDispatchInfo.Throw()
   at System.Web.Http.Dispatcher.HttpControllerDispatcher.<SendAsync>d__15.MoveNext()
--- End of stack trace from previous location where exception was thrown ---
   at System.Runtime.ExceptionServices.ExceptionDispatchInfo.Throw()
   at System.Runtime.CompilerServices.TaskAwaiter.HandleNonSuccessAndDebuggerNotification(Task task)
   at System.Web.Http.HttpServer.<SendAsync>d__24.MoveNext()
2026-08-11 16:19:27,725 ERROR dotNetAssignment.Handlers.GlobalExceptionHandler - Unhandled exception occurred
System.InvalidOperationException: An error occurred when trying to create a controller of type 'UserController'. Make sure that the controller has a parameterless public constructor. ---> Unity.ResolutionFailedException: Resolution failed with error: No public constructor is available for type dotNetAssignment.Services.Interfaces.IUserService.

For more detailed information run Unity in debug mode: new UnityContainer(ModeFlags.Diagnostic) ---> System.InvalidOperationException: No public constructor is available for type dotNetAssignment.Services.Interfaces.IUserService. ---> Unity.Exceptions.InvalidRegistrationException: Exception of type 'Unity.Exceptions.InvalidRegistrationException' was thrown.
   --- End of inner exception stack trace ---
   at Unity.Processors.ConstructorProcessor.<>c.<GetResolver>b__15_1(BuilderContext& c) in C:\projects\container\src\Processors\Constructor\ConstructorResolution.cs:line 52
   at Unity.Processors.MemberProcessor`2.<>c__DisplayClass8_0.<GetResolver>b__0(BuilderContext& c) in C:\projects\container\src\Processors\Abstracts\MemberProcessor.cs:line 162
   at Unity.Processors.MemberProcessor`2.<>c__DisplayClass8_0.<GetResolver>b__0(BuilderContext& c) in C:\projects\container\src\Processors\Abstracts\MemberProcessor.cs:line 162
   at Unity.Processors.MemberProcessor`2.<>c__DisplayClass8_0.<GetResolver>b__0(BuilderContext& c) in C:\projects\container\src\Processors\Abstracts\MemberProcessor.cs:line 162
   at Unity.Strategies.BuildPlanStrategy.PreBuildUp(BuilderContext& context) in C:\projects\container\src\Strategies\BuildPlanStrategy.cs:line 80
   at Unity.UnityContainer.<>c.<.ctor>b__73_2(BuilderStrategy[] chain, BuilderContext& context) in C:\projects\container\src\UnityContainer.Resolution.cs:line 418
   at Unity.Builder.BuilderContext.Resolve(Type type, String name, InternalRegistration registration) in C:\projects\container\src\Builder\Context\BuilderContext.cs:line 177
   at Unity.Builder.BuilderContext.Resolve(Type type, String name) in C:\projects\container\src\Builder\Context\BuilderContext.cs:line 67
   at Unity.Builder.BuilderContext.Resolve(ParameterInfo parameter, Object value) in C:\projects\container\src\Builder\Context\BuilderContext.cs:line 217
   at Unity.Processors.ConstructorProcessor.<>c__DisplayClass16_0.<GetResolverDelegate>b__0(BuilderContext& c) in C:\projects\container\src\Processors\Constructor\ConstructorResolution.cs:line 77
   at Unity.Processors.MemberProcessor`2.<>c__DisplayClass8_0.<GetResolver>b__0(BuilderContext& c) in C:\projects\container\src\Processors\Abstracts\MemberProcessor.cs:line 162
   at Unity.Processors.MemberProcessor`2.<>c__DisplayClass8_0.<GetResolver>b__0(BuilderContext& c) in C:\projects\container\src\Processors\Abstracts\MemberProcessor.cs:line 162
   at Unity.Processors.MemberProcessor`2.<>c__DisplayClass8_0.<GetResolver>b__0(BuilderContext& c) in C:\projects\container\src\Processors\Abstracts\MemberProcessor.cs:line 162
   at Unity.Strategies.BuildPlanStrategy.PreBuildUp(BuilderContext& context) in C:\projects\container\src\Strategies\BuildPlanStrategy.cs:line 80
   at Unity.UnityContainer.<>c.<.ctor>b__73_1(BuilderContext& context) in C:\projects\container\src\UnityContainer.Resolution.cs:line 342
   --- End of inner exception stack trace ---
   at Unity.UnityContainer.<>c.<.ctor>b__73_1(BuilderContext& context) in C:\projects\container\src\UnityContainer.Resolution.cs:line 363
   at Unity.UnityContainer.Unity.IUnityContainer.Resolve(Type type, String name, ResolverOverride[] overrides) in C:\projects\container\src\UnityContainer.IUnityContainer.cs:line 244
   at System.Web.Http.Dispatcher.DefaultHttpControllerActivator.GetInstanceOrActivator(HttpRequestMessage request, Type controllerType, Func`1& activator)
   at System.Web.Http.Dispatcher.DefaultHttpControllerActivator.Create(HttpRequestMessage request, HttpControllerDescriptor controllerDescriptor, Type controllerType)
   --- End of inner exception stack trace ---
   at System.Web.Http.Dispatcher.DefaultHttpControllerActivator.Create(HttpRequestMessage request, HttpControllerDescriptor controllerDescriptor, Type controllerType)
   at System.Web.Http.Dispatcher.HttpControllerDispatcher.<SendAsync>d__15.MoveNext()
--- End of stack trace from previous location where exception was thrown ---
   at System.Runtime.ExceptionServices.ExceptionDispatchInfo.Throw()
   at System.Web.Http.Dispatcher.HttpControllerDispatcher.<SendAsync>d__15.MoveNext()
--- End of stack trace from previous location where exception was thrown ---
   at System.Runtime.ExceptionServices.ExceptionDispatchInfo.Throw()
   at System.Runtime.CompilerServices.TaskAwaiter.HandleNonSuccessAndDebuggerNotification(Task task)
   at System.Web.Http.HttpServer.<SendAsync>d__24.MoveNext()
2026-08-11 16:21:55,035 ERROR dotNetAssignment.Handlers.GlobalExceptionHandler - Unhandled exception occurred
System.InvalidOperationException: An error occurred when trying to create a controller of type 'UserController'. Make sure that the controller has a parameterless public constructor. ---> Unity.ResolutionFailedException: Resolution failed with error: No public constructor is available for type dotNetAssignment.Services.Interfaces.IUserService.

For more detailed information run Unity in debug mode: new UnityContainer(ModeFlags.Diagnostic) ---> System.InvalidOperationException: No public constructor is available for type dotNetAssignment.Services.Interfaces.IUserService. ---> Unity.Exceptions.InvalidRegistrationException: Exception of type 'Unity.Exceptions.InvalidRegistrationException' was thrown.
   --- End of inner exception stack trace ---
   at Unity.Processors.ConstructorProcessor.<>c.<GetResolver>b__15_1(BuilderContext& c) in C:\projects\container\src\Processors\Constructor\ConstructorResolution.cs:line 52
   at Unity.Processors.MemberProcessor`2.<>c__DisplayClass8_0.<GetResolver>b__0(BuilderContext& c) in C:\projects\container\src\Processors\Abstracts\MemberProcessor.cs:line 162
   at Unity.Processors.MemberProcessor`2.<>c__DisplayClass8_0.<GetResolver>b__0(BuilderContext& c) in C:\projects\container\src\Processors\Abstracts\MemberProcessor.cs:line 162
   at Unity.Processors.MemberProcessor`2.<>c__DisplayClass8_0.<GetResolver>b__0(BuilderContext& c) in C:\projects\container\src\Processors\Abstracts\MemberProcessor.cs:line 162
   at Unity.Strategies.BuildPlanStrategy.PreBuildUp(BuilderContext& context) in C:\projects\container\src\Strategies\BuildPlanStrategy.cs:line 88
   at Unity.UnityContainer.<>c.<.ctor>b__73_2(BuilderStrategy[] chain, BuilderContext& context) in C:\projects\container\src\UnityContainer.Resolution.cs:line 418
   at Unity.Builder.BuilderContext.Resolve(Type type, String name, InternalRegistration registration) in C:\projects\container\src\Builder\Context\BuilderContext.cs:line 177
   at Unity.Builder.BuilderContext.Resolve(Type type, String name) in C:\projects\container\src\Builder\Context\BuilderContext.cs:line 67
   at Unity.Builder.BuilderContext.Resolve(ParameterInfo parameter, Object value) in C:\projects\container\src\Builder\Context\BuilderContext.cs:line 217
   at Unity.Processors.ConstructorProcessor.<>c__DisplayClass16_0.<GetResolverDelegate>b__0(BuilderContext& c) in C:\projects\container\src\Processors\Constructor\ConstructorResolution.cs:line 77
   at Unity.Processors.MemberProcessor`2.<>c__DisplayClass8_0.<GetResolver>b__0(BuilderContext& c) in C:\projects\container\src\Processors\Abstracts\MemberProcessor.cs:line 162
   at Unity.Processors.MemberProcessor`2.<>c__DisplayClass8_0.<GetResolver>b__0(BuilderContext& c) in C:\projects\container\src\Processors\Abstracts\MemberProcessor.cs:line 162
   at Unity.Processors.MemberProcessor`2.<>c__DisplayClass8_0.<GetResolver>b__0(BuilderContext& c) in C:\projects\container\src\Processors\Abstracts\MemberProcessor.cs:line 162
   at Unity.Strategies.BuildPlanStrategy.PreBuildUp(BuilderContext& context) in C:\projects\container\src\Strategies\BuildPlanStrategy.cs:line 88
   at Unity.UnityContainer.<>c.<.ctor>b__73_1(BuilderContext& context) in C:\projects\container\src\UnityContainer.Resolution.cs:line 342
   --- End of inner exception stack trace ---
   at Unity.UnityContainer.<>c.<.ctor>b__73_1(BuilderContext& context) in C:\projects\container\src\UnityContainer.Resolution.cs:line 363
   at Unity.UnityContainer.Unity.IUnityContainer.Resolve(Type type, String name, ResolverOverride[] overrides) in C:\projects\container\src\UnityContainer.IUnityContainer.cs:line 244
   at System.Web.Http.Dispatcher.DefaultHttpControllerActivator.GetInstanceOrActivator(HttpRequestMessage request, Type controllerType, Func`1& activator)
   at System.Web.Http.Dispatcher.DefaultHttpControllerActivator.Create(HttpRequestMessage request, HttpControllerDescriptor controllerDescriptor, Type controllerType)
   --- End of inner exception stack trace ---
   at System.Web.Http.Dispatcher.DefaultHttpControllerActivator.Create(HttpRequestMessage request, HttpControllerDescriptor controllerDescriptor, Type controllerType)
   at System.Web.Http.Dispatcher.HttpControllerDispatcher.<SendAsync>d__15.MoveNext()
--- End of stack trace from previous location where exception was thrown ---
   at System.Runtime.ExceptionServices.ExceptionDispatchInfo.Throw()
   at System.Web.Http.Dispatcher.HttpControllerDispatcher.<SendAsync>d__15.MoveNext()
--- End of stack trace from previous location where exception was thrown ---
   at System.Runtime.ExceptionServices.ExceptionDispatchInfo.Throw()
   at System.Runtime.CompilerServices.TaskAwaiter.HandleNonSuccessAndDebuggerNotification(Task task)
   at System.Web.Http.HttpServer.<SendAsync>d__24.MoveNext()
2026-08-11 23:03:30,145 ERROR dotNetAssignment.Handlers.GlobalExceptionHandler - Unhandled exception occurred
System.InvalidOperationException: An error occurred when trying to create a controller of type 'RestaurantController'. Make sure that the controller has a parameterless public constructor. ---> Unity.ResolutionFailedException: Resolution failed with error: No public constructor is available for type dotNetAssignment.Services.Interfaces.IRestaurantService.

For more detailed information run Unity in debug mode: new UnityContainer(ModeFlags.Diagnostic) ---> System.InvalidOperationException: No public constructor is available for type dotNetAssignment.Services.Interfaces.IRestaurantService. ---> Unity.Exceptions.InvalidRegistrationException: Exception of type 'Unity.Exceptions.InvalidRegistrationException' was thrown.
   --- End of inner exception stack trace ---
   at Unity.Processors.ConstructorProcessor.<>c.<GetResolver>b__15_1(BuilderContext& c) in C:\projects\container\src\Processors\Constructor\ConstructorResolution.cs:line 52
   at Unity.Processors.MemberProcessor`2.<>c__DisplayClass8_0.<GetResolver>b__0(BuilderContext& c) in C:\projects\container\src\Processors\Abstracts\MemberProcessor.cs:line 162
   at Unity.Processors.MemberProcessor`2.<>c__DisplayClass8_0.<GetResolver>b__0(BuilderContext& c) in C:\projects\container\src\Processors\Abstracts\MemberProcessor.cs:line 162
   at Unity.Processors.MemberProcessor`2.<>c__DisplayClass8_0.<GetResolver>b__0(BuilderContext& c) in C:\projects\container\src\Processors\Abstracts\MemberProcessor.cs:line 162
   at Unity.Strategies.BuildPlanStrategy.PreBuildUp(BuilderContext& context) in C:\projects\container\src\Strategies\BuildPlanStrategy.cs:line 80
   at Unity.UnityContainer.<>c.<.ctor>b__73_2(BuilderStrategy[] chain, BuilderContext& context) in C:\projects\container\src\UnityContainer.Resolution.cs:line 418
   at Unity.Builder.BuilderContext.Resolve(Type type, String name, InternalRegistration registration) in C:\projects\container\src\Builder\Context\BuilderContext.cs:line 177
   at Unity.Builder.BuilderContext.Resolve(Type type, String name) in C:\projects\container\src\Builder\Context\BuilderContext.cs:line 67
   at Unity.Builder.BuilderContext.Resolve(ParameterInfo parameter, Object value) in C:\projects\container\src\Builder\Context\BuilderContext.cs:line 217
   at Unity.Processors.ConstructorProcessor.<>c__DisplayClass16_0.<GetResolverDelegate>b__0(BuilderContext& c) in C:\projects\container\src\Processors\Constructor\ConstructorResolution.cs:line 77
   at Unity.Processors.MemberProcessor`2.<>c__DisplayClass8_0.<GetResolver>b__0(BuilderContext& c) in C:\projects\container\src\Processors\Abstracts\MemberProcessor.cs:line 162
   at Unity.Processors.MemberProcessor`2.<>c__DisplayClass8_0.<GetResolver>b__0(BuilderContext& c) in C:\projects\container\src\Processors\Abstracts\MemberProcessor.cs:line 162
   at Unity.Processors.MemberProcessor`2.<>c__DisplayClass8_0.<GetResolver>b__0(BuilderContext& c) in C:\projects\container\src\Processors\Abstracts\MemberProcessor.cs:line 162
   at Unity.Strategies.BuildPlanStrategy.PreBuildUp(BuilderContext& context) in C:\projects\container\src\Strategies\BuildPlanStrategy.cs:line 80
   at Unity.UnityContainer.<>c.<.ctor>b__73_1(BuilderContext& context) in C:\projects\container\src\UnityContainer.Resolution.cs:line 342
   --- End of inner exception stack trace ---
   at Unity.UnityContainer.<>c.<.ctor>b__73_1(BuilderContext& context) in C:\projects\container\src\UnityContainer.Resolution.cs:line 363
   at Unity.UnityContainer.Unity.IUnityContainer.Resolve(Type type, String name, ResolverOverride[] overrides) in C:\projects\container\src\UnityContainer.IUnityContainer.cs:line 244
   at System.Web.Http.Dispatcher.DefaultHttpControllerActivator.GetInstanceOrActivator(HttpRequestMessage request, Type controllerType, Func`1& activator)
   at System.Web.Http.Dispatcher.DefaultHttpControllerActivator.Create(HttpRequestMessage request, HttpControllerDescriptor controllerDescriptor, Type controllerType)
   --- End of inner exception stack trace ---
   at System.Web.Http.Dispatcher.DefaultHttpControllerActivator.Create(HttpRequestMessage request, HttpControllerDescriptor controllerDescriptor, Type controllerType)
   at System.Web.Http.Dispatcher.HttpControllerDispatcher.<SendAsync>d__15.MoveNext()
--- End of stack trace from previous location where exception was thrown ---
   at System.Runtime.ExceptionServices.ExceptionDispatchInfo.Throw()
   at System.Web.Http.Dispatcher.HttpControllerDispatcher.<SendAsync>d__15.MoveNext()
--- End of stack trace from previous location where exception was thrown ---
   at System.Runtime.ExceptionServices.ExceptionDispatchInfo.Throw()
   at System.Runtime.CompilerServices.TaskAwaiter.HandleNonSuccessAndDebuggerNotification(Task task)
   at System.Web.Http.HttpServer.<SendAsync>d__24.MoveNext()
